
> orchestrai-frontend@0.1.0 build
> next build

  Ôû▓ Next.js 14.2.5
  - Environments: .env.local

   Creating an optimized production build ...
 Ô£ô Compiled successfully
   Linting and checking validity of types ...
   Collecting page data ...
node.exe :  ÔÜá Using 
edge runtime on a page 
currently disables 
static generation for 
that page
At line:1 char:1
+ & "C:\Program 
Files\nodejs/node.exe" 
"C:\Program 
Files\nodejs/node_mo 
...
+ ~~~~~~~~~~~~~~~~~~~~~
~~~~~~~~~~~~~~~~~~~~~~~
~~~~~~~~~~~~~~~~~~~~~~~
~~
    + CategoryInfo     
         : NotSpecifi  
  ed: ( ÔÜá Using ed   
 ge...n for that pa    
ge:String) [], Rem    
oteException
    + FullyQualifiedEr 
   rorId : NativeComm  
  andError
 
   Generating static pages (0/18) ...
   Generating static pages (4/18) 
Error: Event handlers 
cannot be passed to 
Client Component props.
  {className: ..., 
style: ..., 
onMouseEnter: function 
onMouseEnter, 
onMouseLeave: ..., 
children: ...}
                       
                      
^^^^^^^^^^^^^^^^^^^^^
If you need 
interactivity, 
consider converting 
part of this to a 
Client Component.
    at ek (C:\Users\Alp
ha\Orchestr.ai-main-1\f
rontend\node_modules\ne
xt\dist\compiled\next-s
erver\app-page.runtime.
prod.js:12:140566)
    at Object.toJSON (C
:\Users\Alpha\Orchestr.
ai-main-1\frontend\node
_modules\next\dist\comp
iled\next-server\app-pa
ge.runtime.prod.js:12:1
35755)
    at stringify 
(<anonymous>)
    at eR (C:\Users\Alp
ha\Orchestr.ai-main-1\f
rontend\node_modules\ne
xt\dist\compiled\next-s
erver\app-page.runtime.
prod.js:12:142219)
    at eE (C:\Users\Alp
ha\Orchestr.ai-main-1\f
rontend\node_modules\ne
xt\dist\compiled\next-s
erver\app-page.runtime.
prod.js:12:142698)
    at 
AsyncLocalStorage.run (
node:internal/async_loc
al_storage/async_hooks:
91:14)
    at 
Timeout._onTimeout (C:\
Users\Alpha\Orchestr.ai
-main-1\frontend\node_m
odules\next\dist\compil
ed\next-server\app-page
.runtime.prod.js:12:150
397)
    at listOnTimeout (n
ode:internal/timers:588
:17)
    at 
process.processTimers (
node:internal/timers:52
3:7) {
  digest: '1509389782'
}
Error: Event handlers 
cannot be passed to 
Client Component props.
  {className: ..., 
style: ..., 
onMouseEnter: function 
onMouseEnter, 
onMouseLeave: ..., 
children: ...}
                       
                      
^^^^^^^^^^^^^^^^^^^^^
If you need 
interactivity, 
consider converting 
part of this to a 
Client Component.
    at ek (C:\Users\Alp
ha\Orchestr.ai-main-1\f
rontend\node_modules\ne
xt\dist\compiled\next-s
erver\app-page.runtime.
prod.js:12:140566)
    at Object.toJSON (C
:\Users\Alpha\Orchestr.
ai-main-1\frontend\node
_modules\next\dist\comp
iled\next-server\app-pa
ge.runtime.prod.js:12:1
35755)
    at stringify 
(<anonymous>)
    at eR (C:\Users\Alp
ha\Orchestr.ai-main-1\f
rontend\node_modules\ne
xt\dist\compiled\next-s
erver\app-page.runtime.
prod.js:12:142219)
    at eE (C:\Users\Alp
ha\Orchestr.ai-main-1\f
rontend\node_modules\ne
xt\dist\compiled\next-s
erver\app-page.runtime.
prod.js:12:142698)
    at 
Timeout._onTimeout (C:\
Users\Alpha\Orchestr.ai
-main-1\frontend\node_m
odules\next\dist\compil
ed\next-server\app-page
.runtime.prod.js:12:135
475)
    at listOnTimeout (n
ode:internal/timers:588
:17)
    at 
process.processTimers (
node:internal/timers:52
3:7) {
  digest: '471394110'
}
Error: Event handlers 
cannot be passed to 
Client Component props.
  {className: ..., 
style: ..., 
onMouseEnter: function 
onMouseEnter, 
onMouseLeave: ..., 
children: ...}
                       
                      
^^^^^^^^^^^^^^^^^^^^^
If you need 
interactivity, 
consider converting 
part of this to a 
Client Component.
    at ek (C:\Users\Alp
ha\Orchestr.ai-main-1\f
rontend\node_modules\ne
xt\dist\compiled\next-s
erver\app-page.runtime.
prod.js:12:140566)
    at Object.toJSON (C
:\Users\Alpha\Orchestr.
ai-main-1\frontend\node
_modules\next\dist\comp
iled\next-server\app-pa
ge.runtime.prod.js:12:1
35755)
    at stringify 
(<anonymous>)
    at eR (C:\Users\Alp
ha\Orchestr.ai-main-1\f
rontend\node_modules\ne
xt\dist\compiled\next-s
erver\app-page.runtime.
prod.js:12:142219)
    at eE (C:\Users\Alp
ha\Orchestr.ai-main-1\f
rontend\node_modules\ne
xt\dist\compiled\next-s
erver\app-page.runtime.
prod.js:12:142698)
    at 
Timeout._onTimeout (C:\
Users\Alpha\Orchestr.ai
-main-1\frontend\node_m
odules\next\dist\compil
ed\next-server\app-page
.runtime.prod.js:12:135
475)
    at listOnTimeout (n
ode:internal/timers:588
:17)
    at 
process.processTimers (
node:internal/timers:52
3:7) {
  digest: '471394110'
}
   Generating static pages (8/18) 
   Generating static pages (13/18) 
 ÔÜá Sending SIGTERM 
signal to static 
worker due to timeout 
of 60 seconds. 
Subsequent errors may 
be a result of the 
worker exiting.
 ÔÜá Restarted static 
page generation for / 
because it took more 
than 60 seconds
 ÔÜá See more info 
here https://nextjs.org
/docs/messages/static-p
age-generation-timeout
Error: Event handlers 
cannot be passed to 
Client Component props.
  {className: ..., 
style: ..., 
onMouseEnter: function 
onMouseEnter, 
onMouseLeave: ..., 
children: ...}
                       
                      
^^^^^^^^^^^^^^^^^^^^^
If you need 
interactivity, 
consider converting 
part of this to a 
Client Component.
    at ek (C:\Users\Alp
ha\Orchestr.ai-main-1\f
rontend\node_modules\ne
xt\dist\compiled\next-s
erver\app-page.runtime.
prod.js:12:140566)
    at Object.toJSON (C
:\Users\Alpha\Orchestr.
ai-main-1\frontend\node
_modules\next\dist\comp
iled\next-server\app-pa
ge.runtime.prod.js:12:1
35755)
    at stringify 
(<anonymous>)
    at eR (C:\Users\Alp
ha\Orchestr.ai-main-1\f
rontend\node_modules\ne
xt\dist\compiled\next-s
erver\app-page.runtime.
prod.js:12:142219)
    at eE (C:\Users\Alp
ha\Orchestr.ai-main-1\f
rontend\node_modules\ne
xt\dist\compiled\next-s
erver\app-page.runtime.
prod.js:12:142698)
    at 
AsyncLocalStorage.run (
node:internal/async_loc
al_storage/async_hooks:
91:14)
    at 
Timeout._onTimeout (C:\
Users\Alpha\Orchestr.ai
-main-1\frontend\node_m
odules\next\dist\compil
ed\next-server\app-page
.runtime.prod.js:12:150
397)
    at listOnTimeout (n
ode:internal/timers:588
:17)
    at 
process.processTimers (
node:internal/timers:52
3:7) {
  digest: '1509389782'
}
Error: Event handlers 
cannot be passed to 
Client Component props.
  {className: ..., 
style: ..., 
onMouseEnter: function 
onMouseEnter, 
onMouseLeave: ..., 
children: ...}
                       
                      
^^^^^^^^^^^^^^^^^^^^^
If you need 
interactivity, 
consider converting 
part of this to a 
Client Component.
    at ek (C:\Users\Alp
ha\Orchestr.ai-main-1\f
rontend\node_modules\ne
xt\dist\compiled\next-s
erver\app-page.runtime.
prod.js:12:140566)
    at Object.toJSON (C
:\Users\Alpha\Orchestr.
ai-main-1\frontend\node
_modules\next\dist\comp
iled\next-server\app-pa
ge.runtime.prod.js:12:1
35755)
    at stringify 
(<anonymous>)
    at eR (C:\Users\Alp
ha\Orchestr.ai-main-1\f
rontend\node_modules\ne
xt\dist\compiled\next-s
erver\app-page.runtime.
prod.js:12:142219)
    at eE (C:\Users\Alp
ha\Orchestr.ai-main-1\f
rontend\node_modules\ne
xt\dist\compiled\next-s
erver\app-page.runtime.
prod.js:12:142698)
    at 
Timeout._onTimeout (C:\
Users\Alpha\Orchestr.ai
-main-1\frontend\node_m
odules\next\dist\compil
ed\next-server\app-page
.runtime.prod.js:12:135
475)
    at listOnTimeout (n
ode:internal/timers:588
:17)
    at 
process.processTimers (
node:internal/timers:52
3:7) {
  digest: '471394110'
}
Error: Event handlers 
cannot be passed to 
Client Component props.
  {className: ..., 
style: ..., 
onMouseEnter: function 
onMouseEnter, 
onMouseLeave: ..., 
children: ...}
                       
                      
^^^^^^^^^^^^^^^^^^^^^
If you need 
interactivity, 
consider converting 
part of this to a 
Client Component.
    at ek (C:\Users\Alp
ha\Orchestr.ai-main-1\f
rontend\node_modules\ne
xt\dist\compiled\next-s
erver\app-page.runtime.
prod.js:12:140566)
    at Object.toJSON (C
:\Users\Alpha\Orchestr.
ai-main-1\frontend\node
_modules\next\dist\comp
iled\next-server\app-pa
ge.runtime.prod.js:12:1
35755)
    at stringify 
(<anonymous>)
    at eR (C:\Users\Alp
ha\Orchestr.ai-main-1\f
rontend\node_modules\ne
xt\dist\compiled\next-s
erver\app-page.runtime.
prod.js:12:142219)
    at eE (C:\Users\Alp
ha\Orchestr.ai-main-1\f
rontend\node_modules\ne
xt\dist\compiled\next-s
erver\app-page.runtime.
prod.js:12:142698)
    at 
Timeout._onTimeout (C:\
Users\Alpha\Orchestr.ai
-main-1\frontend\node_m
odules\next\dist\compil
ed\next-server\app-page
.runtime.prod.js:12:135
475)
    at listOnTimeout (n
ode:internal/timers:588
:17)
    at 
process.processTimers (
node:internal/timers:52
3:7) {
  digest: '471394110'
}
 ÔÜá Sending SIGTERM 
signal to static 
worker due to timeout 
of 60 seconds. 
Subsequent errors may 
be a result of the 
worker exiting.
 Ô¿» Static worker 
exited with code: null 
and signal: SIGTERM
 Ô¿» Static worker 
exited with code: null 
and signal: SIGTERM
 Ô¿» Static worker 
exited with code: null 
and signal: SIGTERM
 Ô¿» Static worker 
exited with code: null 
and signal: SIGTERM
 Ô¿» Static worker 
exited with code: null 
and signal: SIGTERM
 Ô¿» Static worker 
exited with code: null 
and signal: SIGTERM
 ÔÜá Restarted static 
page generation for / 
because it took more 
than 60 seconds
Error: Event handlers 
cannot be passed to 
Client Component props.
  {className: ..., 
style: ..., 
onMouseEnter: function 
onMouseEnter, 
onMouseLeave: ..., 
children: ...}
                       
                      
^^^^^^^^^^^^^^^^^^^^^
If you need 
interactivity, 
consider converting 
part of this to a 
Client Component.
    at ek (C:\Users\Alp
ha\Orchestr.ai-main-1\f
rontend\node_modules\ne
xt\dist\compiled\next-s
erver\app-page.runtime.
prod.js:12:140566)
    at Object.toJSON (C
:\Users\Alpha\Orchestr.
ai-main-1\frontend\node
_modules\next\dist\comp
iled\next-server\app-pa
ge.runtime.prod.js:12:1
35755)
    at stringify 
(<anonymous>)
    at eR (C:\Users\Alp
ha\Orchestr.ai-main-1\f
rontend\node_modules\ne
xt\dist\compiled\next-s
erver\app-page.runtime.
prod.js:12:142219)
    at eE (C:\Users\Alp
ha\Orchestr.ai-main-1\f
rontend\node_modules\ne
xt\dist\compiled\next-s
erver\app-page.runtime.
prod.js:12:142698)
    at 
AsyncLocalStorage.run (
node:internal/async_loc
al_storage/async_hooks:
91:14)
    at 
Timeout._onTimeout (C:\
Users\Alpha\Orchestr.ai
-main-1\frontend\node_m
odules\next\dist\compil
ed\next-server\app-page
.runtime.prod.js:12:150
397)
    at listOnTimeout (n
ode:internal/timers:588
:17)
    at 
process.processTimers (
node:internal/timers:52
3:7) {
  digest: '1509389782'
}
Error: Event handlers 
cannot be passed to 
Client Component props.
  {className: ..., 
style: ..., 
onMouseEnter: function 
onMouseEnter, 
onMouseLeave: ..., 
children: ...}
                       
                      
^^^^^^^^^^^^^^^^^^^^^
If you need 
interactivity, 
consider converting 
part of this to a 
Client Component.
    at ek (C:\Users\Alp
ha\Orchestr.ai-main-1\f
rontend\node_modules\ne
xt\dist\compiled\next-s
erver\app-page.runtime.
prod.js:12:140566)
    at Object.toJSON (C
:\Users\Alpha\Orchestr.
ai-main-1\frontend\node
_modules\next\dist\comp
iled\next-server\app-pa
ge.runtime.prod.js:12:1
35755)
    at stringify 
(<anonymous>)
    at eR (C:\Users\Alp
ha\Orchestr.ai-main-1\f
rontend\node_modules\ne
xt\dist\compiled\next-s
erver\app-page.runtime.
prod.js:12:142219)
    at eE (C:\Users\Alp
ha\Orchestr.ai-main-1\f
rontend\node_modules\ne
xt\dist\compiled\next-s
erver\app-page.runtime.
prod.js:12:142698)
    at 
Timeout._onTimeout (C:\
Users\Alpha\Orchestr.ai
-main-1\frontend\node_m
odules\next\dist\compil
ed\next-server\app-page
.runtime.prod.js:12:135
475)
    at listOnTimeout (n
ode:internal/timers:588
:17)
    at 
process.processTimers (
node:internal/timers:52
3:7) {
  digest: '471394110'
}
Error: Event handlers 
cannot be passed to 
Client Component props.
  {className: ..., 
style: ..., 
onMouseEnter: function 
onMouseEnter, 
onMouseLeave: ..., 
children: ...}
                       
                      
^^^^^^^^^^^^^^^^^^^^^
If you need 
interactivity, 
consider converting 
part of this to a 
Client Component.
    at ek (C:\Users\Alp
ha\Orchestr.ai-main-1\f
rontend\node_modules\ne
xt\dist\compiled\next-s
erver\app-page.runtime.
prod.js:12:140566)
    at Object.toJSON (C
:\Users\Alpha\Orchestr.
ai-main-1\frontend\node
_modules\next\dist\comp
iled\next-server\app-pa
ge.runtime.prod.js:12:1
35755)
    at stringify 
(<anonymous>)
    at eR (C:\Users\Alp
ha\Orchestr.ai-main-1\f
rontend\node_modules\ne
xt\dist\compiled\next-s
erver\app-page.runtime.
prod.js:12:142219)
    at eE (C:\Users\Alp
ha\Orchestr.ai-main-1\f
rontend\node_modules\ne
xt\dist\compiled\next-s
erver\app-page.runtime.
prod.js:12:142698)
    at 
Timeout._onTimeout (C:\
Users\Alpha\Orchestr.ai
-main-1\frontend\node_m
odules\next\dist\compil
ed\next-server\app-page
.runtime.prod.js:12:135
475)
    at listOnTimeout (n
ode:internal/timers:588
:17)
    at 
process.processTimers (
node:internal/timers:52
3:7) {
  digest: '471394110'
}
 ÔÜá Sending SIGTERM 
signal to static 
worker due to timeout 
of 60 seconds. 
Subsequent errors may 
be a result of the 
worker exiting.
 Ô¿» Static worker 
exited with code: null 
and signal: SIGTERM
 Ô¿» Static worker 
exited with code: null 
and signal: SIGTERM
 Ô¿» Static worker 
exited with code: null 
and signal: SIGTERM
 Ô¿» Static worker 
exited with code: null 
and signal: SIGTERM
 Ô¿» Static worker 
exited with code: null 
and signal: SIGTERM
 Ô¿» Static worker 
exited with code: null 
and signal: SIGTERM

> Build error occurred
Error: Static page 
generation for / is 
still timing out after 
3 attempts. See more 
info here https://nextj
s.org/docs/messages/sta
tic-page-generation-tim
eout
    at onRestart (C:\Us
ers\Alpha\Orchestr.ai-m
ain-1\frontend\node_mod
ules\next\dist\build\in
dex.js:293:27)
    at C:\Users\Alpha\O
rchestr.ai-main-1\front
end\node_modules\next\d
ist\lib\worker.js:95:40
    at process.processT
icksAndRejections (node
:internal/process/task_
queues:105:5)
    at async C:\Users\A
lpha\Orchestr.ai-main-1
\frontend\node_modules\
next\dist\export\index.
js:450:20
    at async 
Span.traceAsyncFn (C:\U
sers\Alpha\Orchestr.ai-
main-1\frontend\node_mo
dules\next\dist\trace\t
race.js:154:20)
    at async C:\Users\A
lpha\Orchestr.ai-main-1
\frontend\node_modules\
next\dist\export\index.
js:448:24
    at async 
Promise.all (index 10)
    at async 
exportAppImpl (C:\Users
\Alpha\Orchestr.ai-main
-1\frontend\node_module
s\next\dist\export\inde
x.js:440:21)
    at async C:\Users\A
lpha\Orchestr.ai-main-1
\frontend\node_modules\
next\dist\export\index.
js:623:16
    at async 
Span.traceAsyncFn (C:\U
sers\Alpha\Orchestr.ai-
main-1\frontend\node_mo
dules\next\dist\trace\t
race.js:154:20)
